; "default" config from default values

_auth = (protected)
access = null
all = false
; allow-directory = "all" ; overridden by user
; allow-file = "all" ; overridden by user
; allow-git = "none" ; overridden by user
; allow-remote = "none" ; overridden by user
allow-same-version = false
allow-scripts = [""]
allow-scripts-pending = false
allow-scripts-pin = true
allow-unused-patches = false
also = null
; audit = true ; overridden by user
audit-level = null
auth-type = "web"
before = null
bin-links = true
browser = null
bypass-2fa = false
ca = null
; cache = "/tmp/pkgre-d0-subrun-9y77suko/state-npm-current/home-npm-current/.npm" ; overridden by env
cache-max = null
cache-min = 0
cafile = null
call = ""
cert = null
cidr = null
color = false
commit-hooks = true
cpu = null
dangerously-allow-all-scripts = false
depth = null
description = true
dev = false
diff = []
diff-dst-prefix = "b/"
diff-ignore-all-space = false
diff-name-only = false
diff-no-prefix = false
diff-src-prefix = "a/"
diff-text = false
diff-unified = 3
dry-run = false
edit-dir = null
editor = "vi"
engine-strict = false
expect-result-count = null
expect-results = null
expires = null
extension-file = null
fetch-retries = 2
fetch-retry-factor = 10
fetch-retry-maxtimeout = 60000
fetch-retry-mintimeout = 10000
fetch-timeout = 300000
force = false
; foreground-scripts = false ; overridden by user
format-package-lock = true
; fund = true ; overridden by user
git = "git"
git-tag-version = true
global = false
global-ignore-file = "/nix/store/q72ykn5nq6f88dxvika5vpzj003p2wcz-pkgre-js-compat-node-npm-26.7.0-12.0.2/etc/npmignore"
global-style = false
globalconfig = "/dev/null"
heading = "npm"
https-proxy = null
if-present = false
ignore-existing = false
ignore-extension = false
ignore-patch-failures = false
; ignore-scripts = false ; overridden by user
include = []
include-attestations = false
include-staged = false
include-workspace-root = false
init-author-email = ""
init-author-name = ""
init-author-url = ""
init-license = ""
init-module = "/tmp/pkgre-d0-subrun-9y77suko/state-npm-current/home-npm-current/.npm-init.js"
init-private = false
init-type = "commonjs"
init-version = "1.0.0"
init.author.email = ""
init.author.name = ""
init.author.url = ""
init.license = ""
init.module = "/tmp/pkgre-d0-subrun-9y77suko/state-npm-current/home-npm-current/.npm-init.js"
init.version = "1.0.0"
install-links = false
install-strategy = "hoisted"
json = false
keep-edit-dir = false
key = null
legacy-bundling = false
legacy-peer-deps = false
libc = null
link = false
local-address = null
location = "user"
lockfile-version = null
loglevel = "notice"
logs-dir = null
logs-max = 10
; long = false ; overridden by cli
maxsockets = 15
message = "%s"
; min-release-age = null ; overridden by user
; min-release-age-exclude = [] ; overridden by user
name = null
node-gyp = "/nix/store/q72ykn5nq6f88dxvika5vpzj003p2wcz-pkgre-js-compat-node-npm-26.7.0-12.0.2/lib/node_modules/npm/node_modules/node-gyp/bin/node-gyp.js"
node-options = null
noproxy = [""]
npm-version = "12.0.2"
; offline = false ; overridden by user
omit = []
omit-lockfile-registry-resolved = false
only = null
optional = null
orgs = null
orgs-permission = null
os = null
otp = null
pack-destination = "."
package = []
package-lock = true
package-lock-only = false
packages = []
packages-all = false
packages-and-scopes-permission = null
parseable = false
password = (protected)
patches-dir = "patches"
prefer-dedupe = false
prefer-offline = false
prefer-online = false
prefix = "/nix/store/q72ykn5nq6f88dxvika5vpzj003p2wcz-pkgre-js-compat-node-npm-26.7.0-12.0.2"
preid = ""
production = null
; progress = false ; overridden by user
provenance = false
provenance-file = null
proxy = null
read-only = false
rebuild-bundle = true
; registry = "https://registry.npmjs.org/" ; overridden by user
; replace-registry-host = "npmjs" ; overridden by user
save = true
save-bundle = false
save-dev = false
; save-exact = false ; overridden by user
save-optional = false
save-peer = false
; save-prefix = "^" ; overridden by user
save-prod = false
sbom-format = null
sbom-type = "library"
scope = ""
scopes = null
script-shell = null
searchexclude = ""
searchlimit = 20
searchopts = ""
searchstaleness = 900
shell = "sh"
sign-git-commit = false
sign-git-tag = false
strict-allow-scripts = false
; strict-npmrc = false ; overridden by user
strict-peer-deps = false
strict-ssl = true
tag = "latest"
tag-version-prefix = "v"
timing = false
to = null
token-description = null
umask = 0
unicode = true
update-notifier = true
usage = false
user-agent = "npm/{npm-version} node/{node-version} {platform} {arch} workspaces/{workspaces} {ci}"
; userconfig = "/tmp/pkgre-d0-subrun-9y77suko/state-npm-current/home-npm-current/.npmrc" ; overridden by env
version = false
versions = false
viewer = "man"
which = null
workspace = []
workspaces = null
workspaces-update = true
yes = null

; "user" config from /home/dev0/.talent/agents/***/workspace/d0-js-client-policy/configs/loopback/npm.npmrc

allow-directory = "none"
allow-file = "none"
allow-git = "none"
allow-remote = "none"
audit = false
foreground-scripts = false
fund = false
ignore-scripts = true
min-release-age = 30
min-release-age-exclude = ["pkgre-js"]
offline = false
progress = false
registry = "http://127.0.0.1:48730/"
replace-registry-host = "always"
save-exact = true
save-prefix = ""
strict-npmrc = true

; "env" config from environment

cache = "/tmp/pkgre-d0-subrun-9y77suko/state-npm-current/cache-npm-current"
userconfig = "/home/dev0/.talent/agents/***/workspace/d0-js-client-policy/configs/loopback/npm.npmrc"

; "cli" config from command line options

long = true
