== node=v24.15.0 npm=12.0.2 ==
config get intentionally bypasses validation
http://127.0.0.1:1/
rc=0
install command enforces strict-npmrc before network
npm error code EUNKNOWNCONFIG
npm error Unknown npm configuration key:
npm error   - user config "definitely-unknown-key" from /tmp/tmp.jKqW5g7Kb0/bad-minimum
npm error See `npm help npmrc` for supported config options.
npm error A complete log of this run can be found in: /tmp/tmp.jKqW5g7Kb0/cache-minimum/_logs/2026-08-26T12_30_33_482Z-debug-0.log
rc=1
== node=v26.7.0 npm=12.0.2 ==
config get intentionally bypasses validation
http://127.0.0.1:1/
rc=0
install command enforces strict-npmrc before network
npm error code EUNKNOWNCONFIG
npm error Unknown npm configuration key:
npm error   - user config "definitely-unknown-key" from /tmp/tmp.jKqW5g7Kb0/bad-current
npm error See `npm help npmrc` for supported config options.
npm error A complete log of this run can be found in: /tmp/tmp.jKqW5g7Kb0/cache-current/_logs/2026-08-26T12_30_33_783Z-debug-0.log
rc=1
