evaluating flake...
checking flake output 'packages'...
checking derivation packages.x86_64-linux.default...
derivation evaluated to /nix/store/6c2aa3pzzdm5k5nalk1crdcinynwwvzj-pkgre-rust-0.5.0.drv
checking derivation packages.x86_64-linux.rust...
derivation evaluated to /nix/store/6c2aa3pzzdm5k5nalk1crdcinynwwvzj-pkgre-rust-0.5.0.drv
checking derivation packages.x86_64-linux.indexer...
derivation evaluated to /nix/store/6c2aa3pzzdm5k5nalk1crdcinynwwvzj-pkgre-rust-0.5.0.drv
checking derivation packages.x86_64-linux.js...
derivation evaluated to /nix/store/wvjs6v8qlpsjmg7vh569kabnax4bslvx-pkgre-js-0.1.0.drv
checking derivation packages.x86_64-linux.js-client-node-minimum...
derivation evaluated to /nix/store/99x4lfl8mr0d44k1w7hhkcj97jpkmgpq-pkgre-js-compat-node-npm-24.15.0-12.0.2.drv
checking derivation packages.x86_64-linux.js-client-node-current...
derivation evaluated to /nix/store/k275mh0nrpwd36q1nk926bmpz6lxx8ch-pkgre-js-compat-node-npm-26.7.0-12.0.2.drv
checking derivation packages.x86_64-linux.js-client-bun-minimum...
derivation evaluated to /nix/store/xh6ybvw0dnv7v5lgrvdmmvn9s1i0ym89-pkgre-js-compat-bun-1.3.14.drv
checking derivation packages.x86_64-linux.js-client-bun-current...
derivation evaluated to /nix/store/jvj8fg55y3c2a90jn4fyb3prm6xlg7p4-pkgre-js-compat-bun-1.4.0.drv
checking derivation packages.x86_64-linux.js-client-deno-minimum...
derivation evaluated to /nix/store/2dg3w9blih7bhjlqrhnqi7k2h0ss3pmh-pkgre-js-compat-deno-2.9.5.drv
checking derivation packages.x86_64-linux.js-client-deno-current...
derivation evaluated to /nix/store/2dg3w9blih7bhjlqrhnqi7k2h0ss3pmh-pkgre-js-compat-deno-2.9.5.drv
checking derivation packages.x86_64-linux.proxy...
derivation evaluated to /nix/store/a0950b3qzcanrcalvwlp1b45nrya39xn-pkgre-proxy-0.2.0.drv
checking derivation packages.x86_64-linux.download-serve...
derivation evaluated to /nix/store/a0950b3qzcanrcalvwlp1b45nrya39xn-pkgre-proxy-0.2.0.drv
checking flake output 'checks'...
checking derivation checks.x86_64-linux.js...
derivation evaluated to /nix/store/wvjs6v8qlpsjmg7vh569kabnax4bslvx-pkgre-js-0.1.0.drv
checking derivation checks.x86_64-linux.proxy...
derivation evaluated to /nix/store/a0950b3qzcanrcalvwlp1b45nrya39xn-pkgre-proxy-0.2.0.drv
checking derivation checks.x86_64-linux.download-serve...
derivation evaluated to /nix/store/a0950b3qzcanrcalvwlp1b45nrya39xn-pkgre-proxy-0.2.0.drv
checking derivation checks.x86_64-linux.build-and-test...
derivation evaluated to /nix/store/6c2aa3pzzdm5k5nalk1crdcinynwwvzj-pkgre-rust-0.5.0.drv
checking derivation checks.x86_64-linux.js-compatibility-node-minimum...
derivation evaluated to /nix/store/avc4w32a1xw95rsmq5s15ihizvyrjafv-pkgre-js-compatibility-node-minimum.drv
checking derivation checks.x86_64-linux.js-compatibility-node-current...
derivation evaluated to /nix/store/6q8skhhs27fg6g606g9p5wnxaygqwr8c-pkgre-js-compatibility-node-current.drv
checking derivation checks.x86_64-linux.js-compatibility-bun-minimum...
derivation evaluated to /nix/store/6gdmby6nn1w6j4dlrssxfr4yh9y9d0rw-pkgre-js-compatibility-bun-minimum.drv
checking derivation checks.x86_64-linux.js-compatibility-bun-current...
derivation evaluated to /nix/store/qhzdwbfmgx9a09pykmdmpmbdqlbd5k5l-pkgre-js-compatibility-bun-current.drv
checking derivation checks.x86_64-linux.js-compatibility-deno-minimum...
derivation evaluated to /nix/store/53k6vkgr7xg4h0159jv9qx74w27wizxd-pkgre-js-compatibility-deno-minimum.drv
checking derivation checks.x86_64-linux.js-compatibility-deno-current...
derivation evaluated to /nix/store/5ncf3ykjjapgp4fvh07mj1zriqkvpbz3-pkgre-js-compatibility-deno-current.drv
checking derivation checks.x86_64-linux.formatting...
derivation evaluated to /nix/store/hmv0pqplvfyk8wvj9cl16gfmp3kl2biv-pkgre-formatting.drv
checking flake output 'devShells'...
checking derivation devShells.x86_64-linux.default...
derivation evaluated to /nix/store/0d7b506d024c2w7pmc0yydvgmm7adn0b-nix-shell.drv
checking flake output 'formatter'...
checking derivation formatter.x86_64-linux...
derivation evaluated to /nix/store/qhwkwfrpdp2yhkk6pfq9v0al1csc7wi4-nixfmt-1.4.0.drv
running 0 flake checks...
all checks passed!
warning: The check omitted these incompatible systems: aarch64-linux
Use '--all-systems' to check all.
